MPLINK 5.09, LINKER
Linker Map File - Created Mon Apr 13 11:18:25 2020

                                 Section Info
                  Section       Type    Address   Location Size(Bytes)
                ---------  ---------  ---------  ---------  ---------
                   .org_0       code   0x000000    program   0x000004
                   .cinit    romdata   0x000004    program   0x000002
                   .org_1       code   0x000008    program   0x0000e2
.config_300001_BUILD/DEFAULT/DEBUG/MAIN.O    romdata   0x300001    program   0x000001
.config_300003_BUILD/DEFAULT/DEBUG/MAIN.O    romdata   0x300003    program   0x000001
.config_300006_BUILD/DEFAULT/DEBUG/MAIN.O    romdata   0x300006    program   0x000001



                              Program Memory Usage 
                               Start         End      
                           ---------   ---------      
                            0x000000    0x000005      
                            0x000008    0x0000e9      
                            0x300001    0x300001      
                            0x300003    0x300003      
                            0x300006    0x300006      
            235 out of 33048 program addresses used, program memory utilization is 0%



                              Symbols - Sorted by Name
                     Name    Address   Location    Storage File                     
                ---------  ---------  ---------  --------- ---------                
               EXIT_NO_RC   0x0000ce    program     static F:\Google Drive\Tuks\year_3\emk_310\Code\PIC18F45K22_USUART_COMMUNICATION\USUART_Communication.X\main.asm
           ErrSerialFrame   0x0000c8    program     static F:\Google Drive\Tuks\year_3\emk_310\Code\PIC18F45K22_USUART_COMMUNICATION\USUART_Communication.X\main.asm
           ErrSerialOverr   0x0000c0    program     static F:\Google Drive\Tuks\year_3\emk_310\Code\PIC18F45K22_USUART_COMMUNICATION\USUART_Communication.X\main.asm
                  Go_off0   0x00007a    program     static F:\Google Drive\Tuks\year_3\emk_310\Code\PIC18F45K22_USUART_COMMUNICATION\USUART_Communication.X\main.asm
                  Go_off1   0x00007e    program     static F:\Google Drive\Tuks\year_3\emk_310\Code\PIC18F45K22_USUART_COMMUNICATION\USUART_Communication.X\main.asm
                  Go_off2   0x000082    program     static F:\Google Drive\Tuks\year_3\emk_310\Code\PIC18F45K22_USUART_COMMUNICATION\USUART_Communication.X\main.asm
                      ISR   0x0000d4    program     static F:\Google Drive\Tuks\year_3\emk_310\Code\PIC18F45K22_USUART_COMMUNICATION\USUART_Communication.X\main.asm
                     MAIN   0x000066    program     static F:\Google Drive\Tuks\year_3\emk_310\Code\PIC18F45K22_USUART_COMMUNICATION\USUART_Communication.X\main.asm
                    SETUP   0x000010    program     static F:\Google Drive\Tuks\year_3\emk_310\Code\PIC18F45K22_USUART_COMMUNICATION\USUART_Communication.X\main.asm
           USUART_RECEIVE   0x000096    program     static F:\Google Drive\Tuks\year_3\emk_310\Code\PIC18F45K22_USUART_COMMUNICATION\USUART_Communication.X\main.asm
           USUART_RX_ECHO   0x0000a0    program     static F:\Google Drive\Tuks\year_3\emk_310\Code\PIC18F45K22_USUART_COMMUNICATION\USUART_Communication.X\main.asm
            USUART_RX_END   0x0000a4    program     static F:\Google Drive\Tuks\year_3\emk_310\Code\PIC18F45K22_USUART_COMMUNICATION\USUART_Communication.X\main.asm
          USUART_TRANSMIT   0x0000ae    program     static F:\Google Drive\Tuks\year_3\emk_310\Code\PIC18F45K22_USUART_COMMUNICATION\USUART_Communication.X\main.asm
        WAIT_FOR_TRANSMIT   0x0000b4    program     static F:\Google Drive\Tuks\year_3\emk_310\Code\PIC18F45K22_USUART_COMMUNICATION\USUART_Communication.X\main.asm
                  delay1s   0x000076    program     static F:\Google Drive\Tuks\year_3\emk_310\Code\PIC18F45K22_USUART_COMMUNICATION\USUART_Communication.X\main.asm



                              Symbols - Sorted by Address
                     Name    Address   Location    Storage File                     
                ---------  ---------  ---------  --------- ---------                
                    SETUP   0x000010    program     static F:\Google Drive\Tuks\year_3\emk_310\Code\PIC18F45K22_USUART_COMMUNICATION\USUART_Communication.X\main.asm
                     MAIN   0x000066    program     static F:\Google Drive\Tuks\year_3\emk_310\Code\PIC18F45K22_USUART_COMMUNICATION\USUART_Communication.X\main.asm
                  delay1s   0x000076    program     static F:\Google Drive\Tuks\year_3\emk_310\Code\PIC18F45K22_USUART_COMMUNICATION\USUART_Communication.X\main.asm
                  Go_off0   0x00007a    program     static F:\Google Drive\Tuks\year_3\emk_310\Code\PIC18F45K22_USUART_COMMUNICATION\USUART_Communication.X\main.asm
                  Go_off1   0x00007e    program     static F:\Google Drive\Tuks\year_3\emk_310\Code\PIC18F45K22_USUART_COMMUNICATION\USUART_Communication.X\main.asm
                  Go_off2   0x000082    program     static F:\Google Drive\Tuks\year_3\emk_310\Code\PIC18F45K22_USUART_COMMUNICATION\USUART_Communication.X\main.asm
           USUART_RECEIVE   0x000096    program     static F:\Google Drive\Tuks\year_3\emk_310\Code\PIC18F45K22_USUART_COMMUNICATION\USUART_Communication.X\main.asm
           USUART_RX_ECHO   0x0000a0    program     static F:\Google Drive\Tuks\year_3\emk_310\Code\PIC18F45K22_USUART_COMMUNICATION\USUART_Communication.X\main.asm
            USUART_RX_END   0x0000a4    program     static F:\Google Drive\Tuks\year_3\emk_310\Code\PIC18F45K22_USUART_COMMUNICATION\USUART_Communication.X\main.asm
          USUART_TRANSMIT   0x0000ae    program     static F:\Google Drive\Tuks\year_3\emk_310\Code\PIC18F45K22_USUART_COMMUNICATION\USUART_Communication.X\main.asm
        WAIT_FOR_TRANSMIT   0x0000b4    program     static F:\Google Drive\Tuks\year_3\emk_310\Code\PIC18F45K22_USUART_COMMUNICATION\USUART_Communication.X\main.asm
           ErrSerialOverr   0x0000c0    program     static F:\Google Drive\Tuks\year_3\emk_310\Code\PIC18F45K22_USUART_COMMUNICATION\USUART_Communication.X\main.asm
           ErrSerialFrame   0x0000c8    program     static F:\Google Drive\Tuks\year_3\emk_310\Code\PIC18F45K22_USUART_COMMUNICATION\USUART_Communication.X\main.asm
               EXIT_NO_RC   0x0000ce    program     static F:\Google Drive\Tuks\year_3\emk_310\Code\PIC18F45K22_USUART_COMMUNICATION\USUART_Communication.X\main.asm
                      ISR   0x0000d4    program     static F:\Google Drive\Tuks\year_3\emk_310\Code\PIC18F45K22_USUART_COMMUNICATION\USUART_Communication.X\main.asm


